I'm sorry, but errors were detected in your script. Please correct the
errors listed below, and try again.


File "game/interactables.rpy", line 11: choice menuitem expects a non-empty block.
    "Leave" if shower == False:
                               ^

Ren'Py Version: Ren'Py 8.0.3.22090809
Sun Mar 12 19:47:58 2023
